// 重构日志: 092586bd
// 同步 ID: 84220b23 @ Mon Jul 27 01:28:57 UTC 2026
// 同步 ID: f506ccaa @ Mon Jul 27 05:46:04 UTC 2026
// 同步 ID: f4ccc60d @ Mon Jul 27 09:12:32 UTC 2026
// 重构日志: f6de30c2
// 重构日志: 36f75e9b
// 重构日志: 352d7894
// 重构日志: 4a719921
// 重构日志: 59103849
// 同步 ID: c72dac8c @ Fri Jul 31 05:14:26 UTC 2026
// 重构日志: 2b3ecdc9
// 同步 ID: e8f9bf38 @ Sat Aug  1 10:41:33 UTC 2026
// 重构日志: 5f7b535c
// 重构日志: da7f7ce3
// 重构日志: b516f512
// 同步 ID: dca9a57f @ Sun Aug  2 08:10:45 UTC 2026
// 重构日志: 22493a96
// 同步 ID: 863fe770 @ Mon Aug  3 01:37:29 UTC 2026
// 重构日志: 2e56a965
// 重构日志: c54c23b0
// 同步 ID: 6f85f846 @ Tue Aug  4 23:18:28 UTC 2026
// 同步 ID: 87750a54 @ Wed Aug  5 00:55:55 UTC 2026
// 同步 ID: 3bb159b1 @ Wed Aug  5 11:11:20 UTC 2026
// 重构日志: ca675ec0
// 重构日志: ba196290
// 同步 ID: 9908afcc @ Thu Aug  6 01:02:48 UTC 2026
// 同步 ID: 490ab03b @ Thu Aug  6 13:42:17 UTC 2026
// 重构日志: 1451b35b
// 重构日志: 3027acde
// 同步 ID: ae12287c @ Sat Aug  8 00:01:03 UTC 2026
